=== (a) per-stage LOYO predictions (fixed model: LightGBM) ===
  Emergence  predicted n= 4145
  Tillering  predicted n= 4715
  Jointing   predicted n= 5124
  Flag leaf  predicted n= 2657
  Boot       predicted n= 2320
  Heading    predicted n= 2714
  Anthesis   predicted n= 1464
  Maturity   predicted n=  357
  -> data/revision/R04_sequence_consistency.csv  (28 rows)

  predicted ordered stage pairs: 35339
  sequence inversions: 107  (0.3 %)
  median inversion depth: 1.4 d  (p90 3.9 d)

  worst pairs:
  earlier    later  n_pairs  violations  pct
  heading anthesis      893          56 6.27
flag_leaf     boot     1078          21 1.95
     boot  heading     1137          14 1.23
tillering jointing     3089          12 0.39
flag_leaf  heading     1381           2 0.14
     boot anthesis      784           1 0.13

=== (b) held-out-state shift diagnostics ===
  Emergence  TX  n=  263 AUC=0.976 shift=-0.04 var_ratio=0.70
  Emergence  OK  n=  834 AUC=0.947 shift=+0.28 var_ratio=0.84
  Emergence  KS  n= 2878 AUC=0.979 shift=-0.49 var_ratio=0.39
  Emergence  NE  n=   23 AUC=0.950 shift=-1.00 var_ratio=0.06
  Emergence  CO  n=  147 AUC=0.990 shift=+1.36 var_ratio=6.07
  Tillering  TX  n=  298 AUC=0.971 shift=-1.64 var_ratio=0.32
  Tillering  OK  n=  820 AUC=0.955 shift=-0.99 var_ratio=0.95
  Tillering  KS  n= 3183 AUC=0.988 shift=+0.53 var_ratio=0.51
  Tillering  NE  n=   38 AUC=0.950 shift=+0.63 var_ratio=0.75
  Tillering  CO  n=  376 AUC=0.996 shift=+1.32 var_ratio=0.59
  Jointing   TX  n=  302 AUC=0.976 shift=-1.29 var_ratio=0.54
  Jointing   OK  n= 1012 AUC=0.954 shift=-0.34 var_ratio=0.55
  Jointing   KS  n= 3529 AUC=0.975 shift=+0.14 var_ratio=0.83
  Jointing   NE  n=   25 AUC=0.960 shift=+1.32 var_ratio=0.26
  Jointing   CO  n=  256 AUC=0.995 shift=+2.18 var_ratio=0.17
  Flag leaf  TX  n=  230 AUC=0.984 shift=-0.92 var_ratio=0.51
  Flag leaf  OK  n=  463 AUC=0.942 shift=-0.95 var_ratio=0.85
  Flag leaf  KS  n= 1723 AUC=0.982 shift=+0.23 var_ratio=0.45
  Flag leaf  NE  n=   16 AUC=0.889 shift=+1.61 var_ratio=0.52
  Flag leaf  CO  n=  225 AUC=0.998 shift=+2.07 var_ratio=0.47
  Boot       TX  n=  177 AUC=0.985 shift=-0.68 var_ratio=0.52
  Boot       OK  n=  311 AUC=0.955 shift=-0.90 var_ratio=0.97
  Boot       KS  n= 1720 AUC=0.980 shift=+0.23 var_ratio=0.43
  Boot       CO  n=  104 AUC=0.998 shift=+2.69 var_ratio=0.40
  Heading    TX  n=  154 AUC=0.988 shift=-0.60 var_ratio=0.58
  Heading    OK  n=  503 AUC=0.958 shift=-1.07 var_ratio=0.60
  Heading    KS  n= 1898 AUC=0.975 shift=+0.27 var_ratio=0.49
  Heading    NE  n=   14 AUC=0.897 shift=+1.30 var_ratio=0.16
  Heading    CO  n=  145 AUC=0.999 shift=+2.70 var_ratio=0.35
  Anthesis   TX  n=   63 AUC=0.988 shift=-1.01 var_ratio=0.35
  Anthesis   OK  n=  195 AUC=0.970 shift=-1.03 var_ratio=0.64
  Anthesis   KS  n= 1088 AUC=0.980 shift=-0.10 var_ratio=0.28
  Anthesis   NE  n=   12 AUC=0.914 shift=+1.37 var_ratio=0.17
  Anthesis   CO  n=  106 AUC=1.000 shift=+3.56 var_ratio=0.19
  Maturity   TX  n=   19 AUC=0.954 shift=-0.14 var_ratio=0.63
  Maturity   OK  n=   44 AUC=0.958 shift=-0.99 var_ratio=1.59
  Maturity   KS  n=  288 AUC=0.967 shift=+0.62 var_ratio=0.60
  -> data/revision/R04_state_shift.csv  (40 rows)

  mean separability (AUC) by state, over stages:
         auc  var_ratio
state                  
CO     0.997      1.177
KS     0.978      0.497
NE     0.927      0.318
OK     0.955      0.874
TX     0.978      0.519
