  -> data/revision/R05_fold_medians.csv  (24 rows)
fold-derived vs global state median: |shift| mean=1.52 d  max=7.5 d

loading Daymet ...
  weather for 6120 fields

  resimulated fold_median  holdout 2014: 8453 field-years (82s)
  resimulated fold_strict  holdout 2014: 8452 field-years (81s)
  resimulated deterministic holdout 2014: 8461 field-years (82s)
  resimulated fold_median  holdout 2015: 8461 field-years (82s)
  resimulated fold_strict  holdout 2015: 8461 field-years (82s)
  resimulated deterministic holdout 2015: 8461 field-years (82s)
  resimulated fold_median  holdout 2016: 8461 field-years (82s)
  resimulated fold_strict  holdout 2016: 8461 field-years (82s)
  resimulated deterministic holdout 2016: 8461 field-years (82s)
  resimulated fold_median  holdout 2017: 8461 field-years (83s)
  resimulated fold_strict  holdout 2017: 8461 field-years (82s)
  resimulated deterministic holdout 2017: 8461 field-years (82s)
  Flag leaf  control      hybrid=+0.706 gain=+0.267 (2.3s)
  Flag leaf  fold_median  hybrid=+0.709 gain=+0.270 (2.3s)
  Flag leaf  fold_strict  hybrid=+0.694 gain=+0.256 (2.3s)
  Flag leaf  deterministic hybrid=+0.632 gain=+0.193 (2.3s)
  Boot       control      hybrid=+0.670 gain=+0.107 (0.9s)
  Boot       fold_median  hybrid=+0.676 gain=+0.113 (0.9s)
  Boot       fold_strict  hybrid=+0.675 gain=+0.112 (0.9s)
  Boot       deterministic hybrid=+0.666 gain=+0.103 (0.9s)
  Heading    control      hybrid=+0.732 gain=+0.434 (2.3s)
  Heading    fold_median  hybrid=+0.715 gain=+0.417 (2.4s)
  Heading    fold_strict  hybrid=+0.721 gain=+0.423 (2.4s)
  Heading    deterministic hybrid=+0.704 gain=+0.406 (2.4s)
  Anthesis   control      hybrid=+0.801 gain=+0.092 (2.1s)
  Anthesis   fold_median  hybrid=+0.795 gain=+0.086 (2.1s)
  Anthesis   fold_strict  hybrid=+0.733 gain=+0.023 (2.3s)
  Anthesis   deterministic hybrid=+0.732 gain=+0.023 (2.1s)
  -> data/revision/R05_fold_derived_sowing.csv  (16 rows)

=== gain retained under a training-fold-derived anchor (%) ===
variant    control  deterministic  fold_median  fold_strict
stage                                                      
anthesis     100.0           25.2         93.0         25.4
boot         100.0           95.9        105.4        104.5
flag_leaf    100.0           72.3        100.9         95.6
heading      100.0           93.6         96.1         97.6
