
=== Emergence (n=4144) ===
  baseline LOYO R2 = 0.338
  HLS phenometrics     (35 cols)  dR2 = +0.1930 +/- 0.0114
  Daymet meteorology   (14 cols)  dR2 = +0.0283 +/- 0.0039
  MODIS LST            ( 5 cols)  dR2 = +0.0030 +/- 0.0018
  Thermal-time state   ( 5 cols)  dR2 = +0.0946 +/- 0.0055
  WES simulator        ( 8 cols)  dR2 = +0.0140 +/- 0.0036
  State encoders       ( 6 cols)  dR2 = -0.0042 +/- 0.0006
  Site geometry        ( 2 cols)  dR2 = +0.3747 +/- 0.0138

=== Tillering (n=4713) ===
  baseline LOYO R2 = 0.268
  HLS phenometrics     (35 cols)  dR2 = +0.0117 +/- 0.0051
  Daymet meteorology   (14 cols)  dR2 = +0.0204 +/- 0.0043
  MODIS LST            ( 5 cols)  dR2 = +0.0356 +/- 0.0033
  Thermal-time state   ( 5 cols)  dR2 = +0.0018 +/- 0.0009
  WES simulator        ( 8 cols)  dR2 = +0.1163 +/- 0.0065
  State encoders       ( 6 cols)  dR2 = -0.0012 +/- 0.0005
  Site geometry        ( 2 cols)  dR2 = +0.1636 +/- 0.0054

=== Jointing (n=5124) ===
  baseline LOYO R2 = 0.329
  HLS phenometrics     (35 cols)  dR2 = +0.0294 +/- 0.0041
  Daymet meteorology   (14 cols)  dR2 = +0.0261 +/- 0.0045
  MODIS LST            ( 5 cols)  dR2 = -0.0018 +/- 0.0010
  Thermal-time state   ( 5 cols)  dR2 = +0.0066 +/- 0.0020
  WES simulator        ( 8 cols)  dR2 = +0.2024 +/- 0.0041
  State encoders       ( 6 cols)  dR2 = -0.0002 +/- 0.0002
  Site geometry        ( 2 cols)  dR2 = +0.1546 +/- 0.0051

=== Flag leaf (n=2657) ===
  baseline LOYO R2 = 0.700
  HLS phenometrics     (35 cols)  dR2 = +0.0311 +/- 0.0024
  Daymet meteorology   (31 cols)  dR2 = +0.0689 +/- 0.0056
  MODIS LST            ( 5 cols)  dR2 = +0.0060 +/- 0.0010
  Thermal-time state   ( 6 cols)  dR2 = +0.0037 +/- 0.0006
  WES simulator        ( 8 cols)  dR2 = +0.5449 +/- 0.0221
  State encoders       ( 6 cols)  dR2 = +0.0000 +/- 0.0000
  Site geometry        ( 2 cols)  dR2 = +0.0081 +/- 0.0014

=== Boot (n=2319) ===
  baseline LOYO R2 = 0.670
  HLS phenometrics     (35 cols)  dR2 = +0.0311 +/- 0.0025
  Daymet meteorology   (31 cols)  dR2 = +0.0596 +/- 0.0048
  MODIS LST            ( 5 cols)  dR2 = -0.0032 +/- 0.0022
  Thermal-time state   ( 6 cols)  dR2 = +0.0244 +/- 0.0031
  WES simulator        ( 8 cols)  dR2 = +0.4673 +/- 0.0177
  State encoders       ( 6 cols)  dR2 = +0.0000 +/- 0.0000
  Site geometry        ( 2 cols)  dR2 = +0.0194 +/- 0.0030

=== Heading (n=2714) ===
  baseline LOYO R2 = 0.712
  HLS phenometrics     (35 cols)  dR2 = +0.0316 +/- 0.0024
  Daymet meteorology   (31 cols)  dR2 = +0.0693 +/- 0.0041
  MODIS LST            ( 5 cols)  dR2 = +0.0049 +/- 0.0012
  Thermal-time state   ( 6 cols)  dR2 = +0.0651 +/- 0.0038
  WES simulator        ( 8 cols)  dR2 = +0.4264 +/- 0.0119
  State encoders       ( 6 cols)  dR2 = -0.0001 +/- 0.0001
  Site geometry        ( 2 cols)  dR2 = +0.0748 +/- 0.0037

=== Anthesis (n=1464) ===
  baseline LOYO R2 = 0.691
  HLS phenometrics     (35 cols)  dR2 = +0.0285 +/- 0.0028
  Daymet meteorology   (31 cols)  dR2 = +0.0401 +/- 0.0054
  MODIS LST            ( 5 cols)  dR2 = -0.0005 +/- 0.0013
  Thermal-time state   ( 6 cols)  dR2 = +0.0452 +/- 0.0062
  WES simulator        ( 8 cols)  dR2 = +0.3759 +/- 0.0167
  State encoders       ( 6 cols)  dR2 = -0.0001 +/- 0.0001
  Site geometry        ( 2 cols)  dR2 = +0.1019 +/- 0.0044

=== Maturity (n=357) ===
  baseline LOYO R2 = 0.341
  HLS phenometrics     (35 cols)  dR2 = +0.0305 +/- 0.0072
  Daymet meteorology   (31 cols)  dR2 = +0.0673 +/- 0.0120
  MODIS LST            ( 5 cols)  dR2 = +0.0035 +/- 0.0058
  Thermal-time state   ( 6 cols)  dR2 = +0.0076 +/- 0.0022
  WES simulator        ( 8 cols)  dR2 = +0.0836 +/- 0.0213
  State encoders       ( 6 cols)  dR2 = +0.0000 +/- 0.0000
  Site geometry        ( 2 cols)  dR2 = +0.1890 +/- 0.0358
  -> data/revision/R08_grouped_permutation.csv  (56 rows)

=== grouped permutation importance (loss in LOYO R2) ===
group        HLS  Daymet    LST  ThermalTime    WES  State   Site
stage                                                            
emergence  0.193   0.028  0.003        0.095  0.014 -0.004  0.375
tillering  0.012   0.020  0.036        0.002  0.116 -0.001  0.164
jointing   0.029   0.026 -0.002        0.007  0.202 -0.000  0.155
flag_leaf  0.031   0.069  0.006        0.004  0.545  0.000  0.008
boot       0.031   0.060 -0.003        0.024  0.467  0.000  0.019
heading    0.032   0.069  0.005        0.065  0.426 -0.000  0.075
anthesis   0.029   0.040 -0.001        0.045  0.376 -0.000  0.102
maturity   0.030   0.067  0.003        0.008  0.084  0.000  0.189
  -> data/revision/R08_importance_share.csv  (8 rows)

=== as a share of total positive importance (%) ===
group       HLS  Daymet   LST  ThermalTime   WES  State  Site
stage                                                        
emergence  27.3     4.0   0.4         13.4   2.0    0.0  53.0
tillering   3.4     5.8  10.2          0.5  33.3    0.0  46.8
jointing    7.0     6.2   0.0          1.6  48.3    0.0  36.9
flag_leaf   4.7    10.4   0.9          0.6  82.2    0.0   1.2
boot        5.2     9.9   0.0          4.1  77.6    0.0   3.2
heading     4.7    10.3   0.7          9.7  63.4    0.0  11.1
anthesis    4.8     6.8   0.0          7.6  63.5    0.0  17.2
maturity    8.0    17.6   0.9          2.0  21.9    0.0  49.5
