
=== Emergence (n=4145) ===
  baseline LOYO R2 = 0.358
  HLS phenometrics     (35 cols)  dR2 = +0.1946 +/- 0.0136
  Daymet meteorology   (14 cols)  dR2 = +0.0406 +/- 0.0020
  MODIS LST            ( 5 cols)  dR2 = +0.0082 +/- 0.0030
  Thermal-time state   ( 5 cols)  dR2 = +0.1014 +/- 0.0064
  WES simulator        ( 8 cols)  dR2 = +0.0181 +/- 0.0036
  State encoders       ( 6 cols)  dR2 = +0.0003 +/- 0.0001
  Site geometry        ( 2 cols)  dR2 = +0.3793 +/- 0.0136

=== Tillering (n=4715) ===
  baseline LOYO R2 = 0.270
  HLS phenometrics     (35 cols)  dR2 = +0.0091 +/- 0.0044
  Daymet meteorology   (14 cols)  dR2 = +0.0215 +/- 0.0029
  MODIS LST            ( 5 cols)  dR2 = +0.0330 +/- 0.0031
  Thermal-time state   ( 5 cols)  dR2 = -0.0007 +/- 0.0009
  WES simulator        ( 8 cols)  dR2 = +0.1136 +/- 0.0045
  State encoders       ( 6 cols)  dR2 = +0.0002 +/- 0.0001
  Site geometry        ( 2 cols)  dR2 = +0.1719 +/- 0.0067

=== Jointing (n=5124) ===
  baseline LOYO R2 = 0.334
  HLS phenometrics     (35 cols)  dR2 = +0.0285 +/- 0.0044
  Daymet meteorology   (14 cols)  dR2 = +0.0296 +/- 0.0040
  MODIS LST            ( 5 cols)  dR2 = -0.0022 +/- 0.0019
  Thermal-time state   ( 5 cols)  dR2 = +0.0082 +/- 0.0022
  WES simulator        ( 8 cols)  dR2 = +0.2039 +/- 0.0044
  State encoders       ( 6 cols)  dR2 = -0.0048 +/- 0.0004
  Site geometry        ( 2 cols)  dR2 = +0.1442 +/- 0.0050

=== Flag leaf (n=2657) ===
  baseline LOYO R2 = 0.701
  HLS phenometrics     (35 cols)  dR2 = +0.0313 +/- 0.0026
  Daymet meteorology   (31 cols)  dR2 = +0.0659 +/- 0.0058
  MODIS LST            ( 5 cols)  dR2 = +0.0063 +/- 0.0012
  Thermal-time state   ( 6 cols)  dR2 = +0.0045 +/- 0.0007
  WES simulator        ( 8 cols)  dR2 = +0.5480 +/- 0.0221
  State encoders       ( 6 cols)  dR2 = -0.0001 +/- 0.0001
  Site geometry        ( 2 cols)  dR2 = +0.0096 +/- 0.0015

=== Boot (n=2320) ===
  baseline LOYO R2 = 0.689
  HLS phenometrics     (35 cols)  dR2 = +0.0376 +/- 0.0027
  Daymet meteorology   (31 cols)  dR2 = +0.0687 +/- 0.0040
  MODIS LST            ( 5 cols)  dR2 = -0.0003 +/- 0.0023
  Thermal-time state   ( 6 cols)  dR2 = +0.0309 +/- 0.0029
  WES simulator        ( 8 cols)  dR2 = +0.4845 +/- 0.0174
  State encoders       ( 6 cols)  dR2 = +0.0001 +/- 0.0001
  Site geometry        ( 2 cols)  dR2 = +0.0212 +/- 0.0015

=== Heading (n=2714) ===
  baseline LOYO R2 = 0.708
  HLS phenometrics     (35 cols)  dR2 = +0.0316 +/- 0.0019
  Daymet meteorology   (31 cols)  dR2 = +0.0724 +/- 0.0033
  MODIS LST            ( 5 cols)  dR2 = +0.0051 +/- 0.0009
  Thermal-time state   ( 6 cols)  dR2 = +0.0635 +/- 0.0038
  WES simulator        ( 8 cols)  dR2 = +0.4297 +/- 0.0116
  State encoders       ( 6 cols)  dR2 = +0.0000 +/- 0.0000
  Site geometry        ( 2 cols)  dR2 = +0.0732 +/- 0.0039

=== Anthesis (n=1464) ===
  baseline LOYO R2 = 0.700
  HLS phenometrics     (35 cols)  dR2 = +0.0297 +/- 0.0032
  Daymet meteorology   (31 cols)  dR2 = +0.0418 +/- 0.0055
  MODIS LST            ( 5 cols)  dR2 = +0.0009 +/- 0.0013
  Thermal-time state   ( 6 cols)  dR2 = +0.0465 +/- 0.0060
  WES simulator        ( 8 cols)  dR2 = +0.3716 +/- 0.0163
  State encoders       ( 6 cols)  dR2 = +0.0000 +/- 0.0000
  Site geometry        ( 2 cols)  dR2 = +0.1016 +/- 0.0044

=== Maturity (n=357) ===
  baseline LOYO R2 = 0.336
  HLS phenometrics     (35 cols)  dR2 = +0.0292 +/- 0.0073
  Daymet meteorology   (31 cols)  dR2 = +0.0649 +/- 0.0117
  MODIS LST            ( 5 cols)  dR2 = +0.0031 +/- 0.0055
  Thermal-time state   ( 6 cols)  dR2 = +0.0057 +/- 0.0022
  WES simulator        ( 8 cols)  dR2 = +0.0815 +/- 0.0214
  State encoders       ( 6 cols)  dR2 = -0.0002 +/- 0.0001
  Site geometry        ( 2 cols)  dR2 = +0.1898 +/- 0.0358
  -> data/revision/R08_grouped_permutation.csv  (56 rows)

=== grouped permutation importance (loss in LOYO R2) ===
group        HLS  Daymet    LST  ThermalTime    WES  State   Site
stage                                                            
emergence  0.195   0.041  0.008        0.101  0.018  0.000  0.379
tillering  0.009   0.021  0.033       -0.001  0.114  0.000  0.172
jointing   0.029   0.030 -0.002        0.008  0.204 -0.005  0.144
flag_leaf  0.031   0.066  0.006        0.004  0.548 -0.000  0.010
boot       0.038   0.069 -0.000        0.031  0.484  0.000  0.021
heading    0.032   0.072  0.005        0.064  0.430  0.000  0.073
anthesis   0.030   0.042  0.001        0.046  0.372  0.000  0.102
maturity   0.029   0.065  0.003        0.006  0.082 -0.000  0.190
  -> data/revision/R08_importance_share.csv  (8 rows)

=== as a share of total positive importance (%) ===
group       HLS  Daymet  LST  ThermalTime   WES  State  Site
stage                                                       
emergence  26.2     5.5  1.1         13.7   2.4    0.0  51.1
tillering   2.6     6.1  9.4          0.0  32.5    0.1  49.2
jointing    6.9     7.1  0.0          2.0  49.2    0.0  34.8
flag_leaf   4.7     9.9  0.9          0.7  82.3    0.0   1.4
boot        5.8    10.7  0.0          4.8  75.4    0.0   3.3
heading     4.7    10.7  0.8          9.4  63.6    0.0  10.8
anthesis    5.0     7.1  0.2          7.9  62.8    0.0  17.2
maturity    7.8    17.3  0.8          1.5  21.8    0.0  50.7
