=== label coverage of the ground record ===
  -> data/revision/R11_label_coverage.csv  (6 rows)
 harvest_year  observations  fields  emergence  tillering  jointing  flag_leaf  boot  heading  anthesis  maturity
         2013         10470    1862        107       1021      1456        634   417      529       277        75
         2014         14122    2060       1040       1350      1203        558   370      514       228        79
         2015         16300    2305       1118       1411      1437        773   733      830       435       112
         2016         15597    2312       1060       1099      1506        829   776      697       431       102
         2017         12284    1789       1001        946      1071        547   483      726       392        69
         2018          3100    1100        863          0         0          0     0        0         0         0

The record ends at harvest 2018, which carries emergence only.
A reproductive-stage evaluation on 2018/19-2023/24 is not possible.

  Emergence  LOYO=+0.358  L2YO mean=+0.314 [+0.189, +0.440]  drop=+0.044
  Tillering  LOYO=+0.270  L2YO mean=+0.190 [+0.048, +0.290]  drop=+0.080
  Jointing   LOYO=+0.334  L2YO mean=+0.259 [+0.196, +0.342]  drop=+0.075
  Flag leaf  LOYO=+0.701  L2YO mean=+0.590 [+0.477, +0.690]  drop=+0.111
  Boot       LOYO=+0.689  L2YO mean=+0.566 [+0.215, +0.688]  drop=+0.123
  Heading    LOYO=+0.708  L2YO mean=+0.590 [+0.100, +0.710]  drop=+0.118
  Anthesis   LOYO=+0.700  L2YO mean=+0.648 [+0.365, +0.791]  drop=+0.051
  Maturity   LOYO=+0.336  L2YO mean=+0.254 [-0.196, +0.390]  drop=+0.082
  -> data/revision/R11_temporal_stress.csv  (8 rows)
