CUDA: True

Early stopping occurred at epoch 63 with best_epoch = 33 and best_val_0_mse = 0.91531

Early stopping occurred at epoch 33 with best_epoch = 3 and best_val_0_mse = 0.99431

Early stopping occurred at epoch 55 with best_epoch = 25 and best_val_0_mse = 1.07772

Early stopping occurred at epoch 72 with best_epoch = 42 and best_val_0_mse = 1.08225

Early stopping occurred at epoch 55 with best_epoch = 25 and best_val_0_mse = 0.9861

Early stopping occurred at epoch 58 with best_epoch = 28 and best_val_0_mse = 1.06896

Early stopping occurred at epoch 70 with best_epoch = 40 and best_val_0_mse = 1.06218

Early stopping occurred at epoch 45 with best_epoch = 15 and best_val_0_mse = 1.03767

Early stopping occurred at epoch 124 with best_epoch = 94 and best_val_0_mse = 0.93188

Early stopping occurred at epoch 89 with best_epoch = 59 and best_val_0_mse = 0.89631

Early stopping occurred at epoch 57 with best_epoch = 27 and best_val_0_mse = 0.90407

Early stopping occurred at epoch 92 with best_epoch = 62 and best_val_0_mse = 0.92148

Early stopping occurred at epoch 39 with best_epoch = 9 and best_val_0_mse = 1.17438

Early stopping occurred at epoch 63 with best_epoch = 33 and best_val_0_mse = 0.90301

Early stopping occurred at epoch 91 with best_epoch = 61 and best_val_0_mse = 0.90092

Early stopping occurred at epoch 66 with best_epoch = 36 and best_val_0_mse = 0.83212

Early stopping occurred at epoch 38 with best_epoch = 8 and best_val_0_mse = 1.05381

Early stopping occurred at epoch 124 with best_epoch = 94 and best_val_0_mse = 0.7821

Early stopping occurred at epoch 66 with best_epoch = 36 and best_val_0_mse = 0.91383

Early stopping occurred at epoch 69 with best_epoch = 39 and best_val_0_mse = 0.77196
  Emergence  B_ML-only TabNet  R2=-2.956 (165.3s)
  Emergence  B_ML-only FT      R2=+0.260 (199.8s)

Early stopping occurred at epoch 55 with best_epoch = 25 and best_val_0_mse = 1.03718

Early stopping occurred at epoch 64 with best_epoch = 34 and best_val_0_mse = 0.96934

Early stopping occurred at epoch 59 with best_epoch = 29 and best_val_0_mse = 0.94279

Early stopping occurred at epoch 37 with best_epoch = 7 and best_val_0_mse = 1.14691

Early stopping occurred at epoch 108 with best_epoch = 78 and best_val_0_mse = 0.83477

Early stopping occurred at epoch 91 with best_epoch = 61 and best_val_0_mse = 0.80152

Early stopping occurred at epoch 42 with best_epoch = 12 and best_val_0_mse = 1.18803

Early stopping occurred at epoch 47 with best_epoch = 17 and best_val_0_mse = 0.94968

Early stopping occurred at epoch 53 with best_epoch = 23 and best_val_0_mse = 1.23762

Early stopping occurred at epoch 90 with best_epoch = 60 and best_val_0_mse = 1.06193

Early stopping occurred at epoch 64 with best_epoch = 34 and best_val_0_mse = 0.84474

Early stopping occurred at epoch 73 with best_epoch = 43 and best_val_0_mse = 0.97562

Early stopping occurred at epoch 39 with best_epoch = 9 and best_val_0_mse = 1.0674

Early stopping occurred at epoch 97 with best_epoch = 67 and best_val_0_mse = 0.83786

Early stopping occurred at epoch 70 with best_epoch = 40 and best_val_0_mse = 0.88009

Early stopping occurred at epoch 50 with best_epoch = 20 and best_val_0_mse = 0.81183

Early stopping occurred at epoch 58 with best_epoch = 28 and best_val_0_mse = 0.75525

Early stopping occurred at epoch 77 with best_epoch = 47 and best_val_0_mse = 0.79151

Early stopping occurred at epoch 141 with best_epoch = 111 and best_val_0_mse = 0.76918

Early stopping occurred at epoch 136 with best_epoch = 106 and best_val_0_mse = 0.73379
  Emergence  C_Hybrid  TabNet  R2=+0.264 (181.2s)
  Emergence  C_Hybrid  FT      R2=+0.279 (234.0s)

Early stopping occurred at epoch 50 with best_epoch = 20 and best_val_0_mse = 0.55954

Early stopping occurred at epoch 39 with best_epoch = 9 and best_val_0_mse = 0.82885

Early stopping occurred at epoch 88 with best_epoch = 58 and best_val_0_mse = 0.63637

Early stopping occurred at epoch 86 with best_epoch = 56 and best_val_0_mse = 0.53932

Early stopping occurred at epoch 56 with best_epoch = 26 and best_val_0_mse = 0.65525

Early stopping occurred at epoch 110 with best_epoch = 80 and best_val_0_mse = 0.65248

Early stopping occurred at epoch 93 with best_epoch = 63 and best_val_0_mse = 0.62181

Early stopping occurred at epoch 88 with best_epoch = 58 and best_val_0_mse = 0.67578

Early stopping occurred at epoch 112 with best_epoch = 82 and best_val_0_mse = 0.60733

Early stopping occurred at epoch 76 with best_epoch = 46 and best_val_0_mse = 0.76379

Early stopping occurred at epoch 114 with best_epoch = 84 and best_val_0_mse = 0.53384

Early stopping occurred at epoch 75 with best_epoch = 45 and best_val_0_mse = 0.70226

Early stopping occurred at epoch 53 with best_epoch = 23 and best_val_0_mse = 0.65941

Early stopping occurred at epoch 68 with best_epoch = 38 and best_val_0_mse = 0.5717

Early stopping occurred at epoch 57 with best_epoch = 27 and best_val_0_mse = 0.62951

Early stopping occurred at epoch 90 with best_epoch = 60 and best_val_0_mse = 0.45104

Early stopping occurred at epoch 81 with best_epoch = 51 and best_val_0_mse = 0.68634

Early stopping occurred at epoch 64 with best_epoch = 34 and best_val_0_mse = 0.61237

Early stopping occurred at epoch 63 with best_epoch = 33 and best_val_0_mse = 0.50395

Early stopping occurred at epoch 46 with best_epoch = 16 and best_val_0_mse = 0.58913
  Tillering  B_ML-only TabNet  R2=+0.328 (193.3s)
  Tillering  B_ML-only FT      R2=+0.258 (178.7s)

Early stopping occurred at epoch 58 with best_epoch = 28 and best_val_0_mse = 0.54791

Early stopping occurred at epoch 58 with best_epoch = 28 and best_val_0_mse = 0.52819

Early stopping occurred at epoch 53 with best_epoch = 23 and best_val_0_mse = 0.53504

Early stopping occurred at epoch 73 with best_epoch = 43 and best_val_0_mse = 0.61347

Early stopping occurred at epoch 59 with best_epoch = 29 and best_val_0_mse = 0.54674

Early stopping occurred at epoch 65 with best_epoch = 35 and best_val_0_mse = 0.60366

Early stopping occurred at epoch 45 with best_epoch = 15 and best_val_0_mse = 0.66312

Early stopping occurred at epoch 91 with best_epoch = 61 and best_val_0_mse = 0.55392

Early stopping occurred at epoch 83 with best_epoch = 53 and best_val_0_mse = 0.58772

Early stopping occurred at epoch 89 with best_epoch = 59 and best_val_0_mse = 0.78447

Early stopping occurred at epoch 73 with best_epoch = 43 and best_val_0_mse = 0.56546

Early stopping occurred at epoch 42 with best_epoch = 12 and best_val_0_mse = 0.60503

Early stopping occurred at epoch 51 with best_epoch = 21 and best_val_0_mse = 0.59513

Early stopping occurred at epoch 48 with best_epoch = 18 and best_val_0_mse = 0.57102

Early stopping occurred at epoch 143 with best_epoch = 113 and best_val_0_mse = 0.56818

Early stopping occurred at epoch 71 with best_epoch = 41 and best_val_0_mse = 0.49571

Early stopping occurred at epoch 40 with best_epoch = 10 and best_val_0_mse = 0.58578

Early stopping occurred at epoch 47 with best_epoch = 17 and best_val_0_mse = 0.56105

Early stopping occurred at epoch 46 with best_epoch = 16 and best_val_0_mse = 0.5173

Early stopping occurred at epoch 48 with best_epoch = 18 and best_val_0_mse = 0.5954
  Tillering  C_Hybrid  TabNet  R2=+0.357 (169.0s)
  Tillering  C_Hybrid  FT      R2=+0.262 (208.7s)

Early stopping occurred at epoch 60 with best_epoch = 30 and best_val_0_mse = 0.87374

Early stopping occurred at epoch 98 with best_epoch = 68 and best_val_0_mse = 0.73881

Early stopping occurred at epoch 51 with best_epoch = 21 and best_val_0_mse = 1.19602

Early stopping occurred at epoch 80 with best_epoch = 50 and best_val_0_mse = 0.81163

Early stopping occurred at epoch 133 with best_epoch = 103 and best_val_0_mse = 0.74295

Early stopping occurred at epoch 144 with best_epoch = 114 and best_val_0_mse = 0.76972

Early stopping occurred at epoch 62 with best_epoch = 32 and best_val_0_mse = 0.93625

Early stopping occurred at epoch 90 with best_epoch = 60 and best_val_0_mse = 0.91534

Early stopping occurred at epoch 119 with best_epoch = 89 and best_val_0_mse = 0.96721

Early stopping occurred at epoch 58 with best_epoch = 28 and best_val_0_mse = 0.93474

Early stopping occurred at epoch 54 with best_epoch = 24 and best_val_0_mse = 1.11559

Early stopping occurred at epoch 60 with best_epoch = 30 and best_val_0_mse = 0.85707

Early stopping occurred at epoch 46 with best_epoch = 16 and best_val_0_mse = 1.17174

Early stopping occurred at epoch 63 with best_epoch = 33 and best_val_0_mse = 1.0978

Early stopping occurred at epoch 88 with best_epoch = 58 and best_val_0_mse = 0.94705

Early stopping occurred at epoch 99 with best_epoch = 69 and best_val_0_mse = 0.69808

Early stopping occurred at epoch 50 with best_epoch = 20 and best_val_0_mse = 0.69782

Early stopping occurred at epoch 56 with best_epoch = 26 and best_val_0_mse = 0.8339

Early stopping occurred at epoch 87 with best_epoch = 57 and best_val_0_mse = 0.72381

Early stopping occurred at epoch 60 with best_epoch = 30 and best_val_0_mse = 0.65915
  Jointing   B_ML-only TabNet  R2=+0.165 (205.2s)
  Jointing   B_ML-only FT      R2=+0.155 (232.9s)

Early stopping occurred at epoch 48 with best_epoch = 18 and best_val_0_mse = 0.83898

Early stopping occurred at epoch 60 with best_epoch = 30 and best_val_0_mse = 0.86621

Early stopping occurred at epoch 77 with best_epoch = 47 and best_val_0_mse = 0.73443

Early stopping occurred at epoch 59 with best_epoch = 29 and best_val_0_mse = 0.80982

Early stopping occurred at epoch 64 with best_epoch = 34 and best_val_0_mse = 0.82586

Early stopping occurred at epoch 56 with best_epoch = 26 and best_val_0_mse = 0.82765

Early stopping occurred at epoch 49 with best_epoch = 19 and best_val_0_mse = 0.90136

Early stopping occurred at epoch 122 with best_epoch = 92 and best_val_0_mse = 0.7511

Early stopping occurred at epoch 69 with best_epoch = 39 and best_val_0_mse = 0.96698

Early stopping occurred at epoch 45 with best_epoch = 15 and best_val_0_mse = 0.90998

Early stopping occurred at epoch 86 with best_epoch = 56 and best_val_0_mse = 0.74229

Early stopping occurred at epoch 37 with best_epoch = 7 and best_val_0_mse = 1.04114

Early stopping occurred at epoch 92 with best_epoch = 62 and best_val_0_mse = 0.80272

Early stopping occurred at epoch 106 with best_epoch = 76 and best_val_0_mse = 0.79662

Early stopping occurred at epoch 55 with best_epoch = 25 and best_val_0_mse = 0.79541

Early stopping occurred at epoch 51 with best_epoch = 21 and best_val_0_mse = 0.72408

Early stopping occurred at epoch 58 with best_epoch = 28 and best_val_0_mse = 0.7447

Early stopping occurred at epoch 74 with best_epoch = 44 and best_val_0_mse = 0.65345

Early stopping occurred at epoch 48 with best_epoch = 18 and best_val_0_mse = 0.77288

Early stopping occurred at epoch 61 with best_epoch = 31 and best_val_0_mse = 0.68402
  Jointing   C_Hybrid  TabNet  R2=+0.330 (178.0s)
  Jointing   C_Hybrid  FT      R2=+0.218 (264.4s)

Early stopping occurred at epoch 42 with best_epoch = 12 and best_val_0_mse = 0.57224

Early stopping occurred at epoch 86 with best_epoch = 56 and best_val_0_mse = 0.47902

Early stopping occurred at epoch 59 with best_epoch = 29 and best_val_0_mse = 0.39778

Early stopping occurred at epoch 75 with best_epoch = 45 and best_val_0_mse = 0.45451

Early stopping occurred at epoch 62 with best_epoch = 32 and best_val_0_mse = 0.48688

Early stopping occurred at epoch 48 with best_epoch = 18 and best_val_0_mse = 0.43762

Early stopping occurred at epoch 65 with best_epoch = 35 and best_val_0_mse = 0.49001

Early stopping occurred at epoch 83 with best_epoch = 53 and best_val_0_mse = 0.37745

Early stopping occurred at epoch 80 with best_epoch = 50 and best_val_0_mse = 0.45831

Early stopping occurred at epoch 40 with best_epoch = 10 and best_val_0_mse = 0.65699

Early stopping occurred at epoch 40 with best_epoch = 10 and best_val_0_mse = 1.27503

Early stopping occurred at epoch 80 with best_epoch = 50 and best_val_0_mse = 0.96457

Early stopping occurred at epoch 62 with best_epoch = 32 and best_val_0_mse = 0.94997

Early stopping occurred at epoch 82 with best_epoch = 52 and best_val_0_mse = 0.6482

Early stopping occurred at epoch 38 with best_epoch = 8 and best_val_0_mse = 1.30161

Early stopping occurred at epoch 128 with best_epoch = 98 and best_val_0_mse = 0.68972

Early stopping occurred at epoch 85 with best_epoch = 55 and best_val_0_mse = 0.65169

Early stopping occurred at epoch 54 with best_epoch = 24 and best_val_0_mse = 0.53636

Early stopping occurred at epoch 71 with best_epoch = 41 and best_val_0_mse = 0.42682

Early stopping occurred at epoch 81 with best_epoch = 51 and best_val_0_mse = 0.66461
  Flag leaf  B_ML-only TabNet  R2=-1.035 (93.5s)
  Flag leaf  B_ML-only FT      R2=+0.595 (234.2s)

Early stopping occurred at epoch 142 with best_epoch = 112 and best_val_0_mse = 0.29843

Early stopping occurred at epoch 75 with best_epoch = 45 and best_val_0_mse = 0.28735

Early stopping occurred at epoch 143 with best_epoch = 113 and best_val_0_mse = 0.29726

Early stopping occurred at epoch 58 with best_epoch = 28 and best_val_0_mse = 0.38565

Early stopping occurred at epoch 108 with best_epoch = 78 and best_val_0_mse = 0.25401

Early stopping occurred at epoch 64 with best_epoch = 34 and best_val_0_mse = 0.34515

Early stopping occurred at epoch 78 with best_epoch = 48 and best_val_0_mse = 0.38518

Early stopping occurred at epoch 43 with best_epoch = 13 and best_val_0_mse = 0.38954

Early stopping occurred at epoch 143 with best_epoch = 113 and best_val_0_mse = 0.41782

Early stopping occurred at epoch 125 with best_epoch = 95 and best_val_0_mse = 0.28377

Early stopping occurred at epoch 48 with best_epoch = 18 and best_val_0_mse = 1.58233

Early stopping occurred at epoch 125 with best_epoch = 95 and best_val_0_mse = 0.40946

Early stopping occurred at epoch 150 with best_epoch = 120 and best_val_0_mse = 0.34881

Early stopping occurred at epoch 66 with best_epoch = 36 and best_val_0_mse = 0.60957

Early stopping occurred at epoch 127 with best_epoch = 97 and best_val_0_mse = 0.68242

Early stopping occurred at epoch 96 with best_epoch = 66 and best_val_0_mse = 0.67828

Early stopping occurred at epoch 130 with best_epoch = 100 and best_val_0_mse = 0.44601

Early stopping occurred at epoch 57 with best_epoch = 27 and best_val_0_mse = 0.62418

Early stopping occurred at epoch 82 with best_epoch = 52 and best_val_0_mse = 0.66761

Early stopping occurred at epoch 181 with best_epoch = 151 and best_val_0_mse = 0.58061
  Flag leaf  C_Hybrid  TabNet  R2=+0.713 (136.0s)
  Flag leaf  C_Hybrid  FT      R2=+0.708 (223.1s)

Early stopping occurred at epoch 42 with best_epoch = 12 and best_val_0_mse = 0.85632

Early stopping occurred at epoch 73 with best_epoch = 43 and best_val_0_mse = 0.72349

Early stopping occurred at epoch 92 with best_epoch = 62 and best_val_0_mse = 0.47895

Early stopping occurred at epoch 48 with best_epoch = 18 and best_val_0_mse = 0.58907

Early stopping occurred at epoch 109 with best_epoch = 79 and best_val_0_mse = 0.44926

Early stopping occurred at epoch 48 with best_epoch = 18 and best_val_0_mse = 0.64723

Early stopping occurred at epoch 55 with best_epoch = 25 and best_val_0_mse = 0.51566

Early stopping occurred at epoch 60 with best_epoch = 30 and best_val_0_mse = 0.52705

Early stopping occurred at epoch 71 with best_epoch = 41 and best_val_0_mse = 0.47796

Early stopping occurred at epoch 63 with best_epoch = 33 and best_val_0_mse = 0.49047

Early stopping occurred at epoch 44 with best_epoch = 14 and best_val_0_mse = 1.5361

Early stopping occurred at epoch 44 with best_epoch = 14 and best_val_0_mse = 1.43622

Early stopping occurred at epoch 60 with best_epoch = 30 and best_val_0_mse = 0.96035

Early stopping occurred at epoch 63 with best_epoch = 33 and best_val_0_mse = 1.11823

Early stopping occurred at epoch 49 with best_epoch = 19 and best_val_0_mse = 1.02618

Early stopping occurred at epoch 139 with best_epoch = 109 and best_val_0_mse = 0.62743

Early stopping occurred at epoch 126 with best_epoch = 96 and best_val_0_mse = 0.65273

Early stopping occurred at epoch 56 with best_epoch = 26 and best_val_0_mse = 0.81894

Early stopping occurred at epoch 58 with best_epoch = 28 and best_val_0_mse = 0.7994

Early stopping occurred at epoch 51 with best_epoch = 21 and best_val_0_mse = 0.91249
  Boot       B_ML-only TabNet  R2=+0.413 (74.6s)
  Boot       B_ML-only FT      R2=+0.638 (204.7s)

Early stopping occurred at epoch 60 with best_epoch = 30 and best_val_0_mse = 0.54034

Early stopping occurred at epoch 153 with best_epoch = 123 and best_val_0_mse = 0.42712

Early stopping occurred at epoch 127 with best_epoch = 97 and best_val_0_mse = 0.40504

Early stopping occurred at epoch 150 with best_epoch = 120 and best_val_0_mse = 0.43931

Early stopping occurred at epoch 47 with best_epoch = 17 and best_val_0_mse = 1.01739

Early stopping occurred at epoch 65 with best_epoch = 35 and best_val_0_mse = 0.49582

Early stopping occurred at epoch 190 with best_epoch = 160 and best_val_0_mse = 0.29619

Early stopping occurred at epoch 72 with best_epoch = 42 and best_val_0_mse = 0.46714

Early stopping occurred at epoch 128 with best_epoch = 98 and best_val_0_mse = 0.63883

Early stopping occurred at epoch 158 with best_epoch = 128 and best_val_0_mse = 0.44362

Early stopping occurred at epoch 76 with best_epoch = 46 and best_val_0_mse = 0.73035

Early stopping occurred at epoch 73 with best_epoch = 43 and best_val_0_mse = 1.26062

Early stopping occurred at epoch 78 with best_epoch = 48 and best_val_0_mse = 0.86263

Early stopping occurred at epoch 87 with best_epoch = 57 and best_val_0_mse = 0.68092

Early stopping occurred at epoch 80 with best_epoch = 50 and best_val_0_mse = 0.73243

Early stopping occurred at epoch 76 with best_epoch = 46 and best_val_0_mse = 0.61133

Early stopping occurred at epoch 78 with best_epoch = 48 and best_val_0_mse = 0.57221

Early stopping occurred at epoch 96 with best_epoch = 66 and best_val_0_mse = 0.72406

Early stopping occurred at epoch 107 with best_epoch = 77 and best_val_0_mse = 0.68202

Early stopping occurred at epoch 123 with best_epoch = 93 and best_val_0_mse = 0.48186
  Boot       C_Hybrid  TabNet  R2=+0.673 (112.9s)
  Boot       C_Hybrid  FT      R2=+0.690 (191.7s)

Early stopping occurred at epoch 70 with best_epoch = 40 and best_val_0_mse = 0.50869

Early stopping occurred at epoch 65 with best_epoch = 35 and best_val_0_mse = 0.53186

Early stopping occurred at epoch 97 with best_epoch = 67 and best_val_0_mse = 0.39361

Early stopping occurred at epoch 109 with best_epoch = 79 and best_val_0_mse = 0.46553

Early stopping occurred at epoch 61 with best_epoch = 31 and best_val_0_mse = 0.52928

Early stopping occurred at epoch 79 with best_epoch = 49 and best_val_0_mse = 0.53514

Early stopping occurred at epoch 97 with best_epoch = 67 and best_val_0_mse = 0.56688

Early stopping occurred at epoch 46 with best_epoch = 16 and best_val_0_mse = 0.77365

Early stopping occurred at epoch 62 with best_epoch = 32 and best_val_0_mse = 0.50654

Early stopping occurred at epoch 112 with best_epoch = 82 and best_val_0_mse = 0.44756

Early stopping occurred at epoch 62 with best_epoch = 32 and best_val_0_mse = 0.96126

Early stopping occurred at epoch 46 with best_epoch = 16 and best_val_0_mse = 0.811

Early stopping occurred at epoch 51 with best_epoch = 21 and best_val_0_mse = 1.09328

Early stopping occurred at epoch 49 with best_epoch = 19 and best_val_0_mse = 0.9516

Early stopping occurred at epoch 39 with best_epoch = 9 and best_val_0_mse = 0.98158

Early stopping occurred at epoch 63 with best_epoch = 33 and best_val_0_mse = 0.65259

Early stopping occurred at epoch 55 with best_epoch = 25 and best_val_0_mse = 0.70387

Early stopping occurred at epoch 88 with best_epoch = 58 and best_val_0_mse = 0.74773

Early stopping occurred at epoch 55 with best_epoch = 25 and best_val_0_mse = 0.72401

Early stopping occurred at epoch 61 with best_epoch = 31 and best_val_0_mse = 0.79855
  Heading    B_ML-only TabNet  R2=+0.599 (89.2s)
  Heading    B_ML-only FT      R2=+0.698 (172.2s)

Early stopping occurred at epoch 44 with best_epoch = 14 and best_val_0_mse = 0.63537

Early stopping occurred at epoch 128 with best_epoch = 98 and best_val_0_mse = 0.31086

Early stopping occurred at epoch 118 with best_epoch = 88 and best_val_0_mse = 0.34587

Early stopping occurred at epoch 99 with best_epoch = 69 and best_val_0_mse = 0.41183

Early stopping occurred at epoch 65 with best_epoch = 35 and best_val_0_mse = 0.4756

Early stopping occurred at epoch 68 with best_epoch = 38 and best_val_0_mse = 0.64082

Early stopping occurred at epoch 85 with best_epoch = 55 and best_val_0_mse = 0.33349

Early stopping occurred at epoch 137 with best_epoch = 107 and best_val_0_mse = 0.32247

Early stopping occurred at epoch 77 with best_epoch = 47 and best_val_0_mse = 0.37202

Early stopping occurred at epoch 68 with best_epoch = 38 and best_val_0_mse = 0.50095

Early stopping occurred at epoch 100 with best_epoch = 70 and best_val_0_mse = 0.92773

Early stopping occurred at epoch 61 with best_epoch = 31 and best_val_0_mse = 0.73761

Early stopping occurred at epoch 52 with best_epoch = 22 and best_val_0_mse = 0.56277

Early stopping occurred at epoch 78 with best_epoch = 48 and best_val_0_mse = 0.48346

Early stopping occurred at epoch 106 with best_epoch = 76 and best_val_0_mse = 0.41531

Early stopping occurred at epoch 87 with best_epoch = 57 and best_val_0_mse = 0.71107

Early stopping occurred at epoch 61 with best_epoch = 31 and best_val_0_mse = 0.48923

Early stopping occurred at epoch 75 with best_epoch = 45 and best_val_0_mse = 0.64899

Early stopping occurred at epoch 115 with best_epoch = 85 and best_val_0_mse = 0.45333

Early stopping occurred at epoch 128 with best_epoch = 98 and best_val_0_mse = 0.49568
  Heading    C_Hybrid  TabNet  R2=+0.704 (111.6s)
  Heading    C_Hybrid  FT      R2=+0.727 (187.1s)

Early stopping occurred at epoch 30 with best_epoch = 0 and best_val_0_mse = 3.57109

Early stopping occurred at epoch 30 with best_epoch = 0 and best_val_0_mse = 19.1008

Early stopping occurred at epoch 30 with best_epoch = 0 and best_val_0_mse = 3.36681

Early stopping occurred at epoch 30 with best_epoch = 0 and best_val_0_mse = 10.34326

Early stopping occurred at epoch 30 with best_epoch = 0 and best_val_0_mse = 6.30262

Early stopping occurred at epoch 30 with best_epoch = 0 and best_val_0_mse = 4.21738

Early stopping occurred at epoch 30 with best_epoch = 0 and best_val_0_mse = 9.46445

Early stopping occurred at epoch 30 with best_epoch = 0 and best_val_0_mse = 4.85224

Early stopping occurred at epoch 30 with best_epoch = 0 and best_val_0_mse = 3.54834

Early stopping occurred at epoch 30 with best_epoch = 0 and best_val_0_mse = 4.25445

Early stopping occurred at epoch 30 with best_epoch = 0 and best_val_0_mse = 6.10184

Early stopping occurred at epoch 30 with best_epoch = 0 and best_val_0_mse = 8.28632

Early stopping occurred at epoch 30 with best_epoch = 0 and best_val_0_mse = 4.81788

Early stopping occurred at epoch 30 with best_epoch = 0 and best_val_0_mse = 3.48098

Early stopping occurred at epoch 30 with best_epoch = 0 and best_val_0_mse = 13.26459

Early stopping occurred at epoch 30 with best_epoch = 0 and best_val_0_mse = 6.34022

Early stopping occurred at epoch 30 with best_epoch = 0 and best_val_0_mse = 11.06779

Early stopping occurred at epoch 30 with best_epoch = 0 and best_val_0_mse = 6.25113

Early stopping occurred at epoch 30 with best_epoch = 0 and best_val_0_mse = 5.59934

Early stopping occurred at epoch 30 with best_epoch = 0 and best_val_0_mse = 7.6426
  Anthesis   B_ML-only TabNet  R2=+0.604 (20.1s)
  Anthesis   B_ML-only FT      R2=+0.794 (91.4s)

Early stopping occurred at epoch 30 with best_epoch = 0 and best_val_0_mse = 10.06476

Early stopping occurred at epoch 30 with best_epoch = 0 and best_val_0_mse = 8.39213

Early stopping occurred at epoch 30 with best_epoch = 0 and best_val_0_mse = 4.46018

Early stopping occurred at epoch 30 with best_epoch = 0 and best_val_0_mse = 6.82795

Early stopping occurred at epoch 30 with best_epoch = 0 and best_val_0_mse = 10.47859

Early stopping occurred at epoch 30 with best_epoch = 0 and best_val_0_mse = 4.50144

Early stopping occurred at epoch 30 with best_epoch = 0 and best_val_0_mse = 5.60852

Early stopping occurred at epoch 30 with best_epoch = 0 and best_val_0_mse = 5.22038

Early stopping occurred at epoch 30 with best_epoch = 0 and best_val_0_mse = 9.22028

Early stopping occurred at epoch 30 with best_epoch = 0 and best_val_0_mse = 12.86547

Early stopping occurred at epoch 30 with best_epoch = 0 and best_val_0_mse = 7.63192

Early stopping occurred at epoch 30 with best_epoch = 0 and best_val_0_mse = 6.95724

Early stopping occurred at epoch 30 with best_epoch = 0 and best_val_0_mse = 3.44021

Early stopping occurred at epoch 30 with best_epoch = 0 and best_val_0_mse = 8.66604

Early stopping occurred at epoch 30 with best_epoch = 0 and best_val_0_mse = 14.31755

Early stopping occurred at epoch 30 with best_epoch = 0 and best_val_0_mse = 6.48139

Early stopping occurred at epoch 30 with best_epoch = 0 and best_val_0_mse = 9.35315

Early stopping occurred at epoch 30 with best_epoch = 0 and best_val_0_mse = 5.22588

Early stopping occurred at epoch 30 with best_epoch = 0 and best_val_0_mse = 8.96659

Early stopping occurred at epoch 30 with best_epoch = 0 and best_val_0_mse = 11.46877
  Anthesis   C_Hybrid  TabNet  R2=+0.678 (19.4s)
  Anthesis   C_Hybrid  FT      R2=+0.819 (127.4s)

Early stopping occurred at epoch 30 with best_epoch = 0 and best_val_0_mse = 3.4402

Early stopping occurred at epoch 30 with best_epoch = 0 and best_val_0_mse = 14.78095

Early stopping occurred at epoch 30 with best_epoch = 0 and best_val_0_mse = 4.88089

Early stopping occurred at epoch 30 with best_epoch = 0 and best_val_0_mse = 28.75917

Early stopping occurred at epoch 30 with best_epoch = 0 and best_val_0_mse = 16.85623

Early stopping occurred at epoch 30 with best_epoch = 0 and best_val_0_mse = 3.27133

Early stopping occurred at epoch 30 with best_epoch = 0 and best_val_0_mse = 27.83621

Early stopping occurred at epoch 30 with best_epoch = 0 and best_val_0_mse = 4.75494

Early stopping occurred at epoch 30 with best_epoch = 0 and best_val_0_mse = 36.91946

Early stopping occurred at epoch 30 with best_epoch = 0 and best_val_0_mse = 7.12251

Early stopping occurred at epoch 30 with best_epoch = 0 and best_val_0_mse = 4.1204

Early stopping occurred at epoch 30 with best_epoch = 0 and best_val_0_mse = 9.53097

Early stopping occurred at epoch 30 with best_epoch = 0 and best_val_0_mse = 3.52319

Early stopping occurred at epoch 30 with best_epoch = 0 and best_val_0_mse = 13.0566

Early stopping occurred at epoch 30 with best_epoch = 0 and best_val_0_mse = 15.57612

Early stopping occurred at epoch 30 with best_epoch = 0 and best_val_0_mse = 6.89091

Early stopping occurred at epoch 30 with best_epoch = 0 and best_val_0_mse = 10.06011

Early stopping occurred at epoch 30 with best_epoch = 0 and best_val_0_mse = 4.15631

Early stopping occurred at epoch 30 with best_epoch = 0 and best_val_0_mse = 24.14275

Early stopping occurred at epoch 30 with best_epoch = 0 and best_val_0_mse = 15.69926
  Maturity   B_ML-only TabNet  R2=-1.800 (5.3s)
  Maturity   B_ML-only FT      R2=+0.466 (28.8s)

Early stopping occurred at epoch 30 with best_epoch = 0 and best_val_0_mse = 147.07613

Early stopping occurred at epoch 30 with best_epoch = 0 and best_val_0_mse = 51.79938

Early stopping occurred at epoch 30 with best_epoch = 0 and best_val_0_mse = 3.71216

Early stopping occurred at epoch 30 with best_epoch = 0 and best_val_0_mse = 20.48725

Early stopping occurred at epoch 30 with best_epoch = 0 and best_val_0_mse = 96.49815

Early stopping occurred at epoch 30 with best_epoch = 0 and best_val_0_mse = 32.52072

Early stopping occurred at epoch 30 with best_epoch = 0 and best_val_0_mse = 16.95456

Early stopping occurred at epoch 30 with best_epoch = 0 and best_val_0_mse = 8.12905

Early stopping occurred at epoch 30 with best_epoch = 0 and best_val_0_mse = 49.40873

Early stopping occurred at epoch 30 with best_epoch = 0 and best_val_0_mse = 25.94691

Early stopping occurred at epoch 30 with best_epoch = 0 and best_val_0_mse = 670.88812

Early stopping occurred at epoch 30 with best_epoch = 0 and best_val_0_mse = 16.18469

Early stopping occurred at epoch 30 with best_epoch = 0 and best_val_0_mse = 4.50061

Early stopping occurred at epoch 30 with best_epoch = 0 and best_val_0_mse = 267.21844

Early stopping occurred at epoch 30 with best_epoch = 0 and best_val_0_mse = 470.50848

Early stopping occurred at epoch 30 with best_epoch = 0 and best_val_0_mse = 3.99985

Early stopping occurred at epoch 30 with best_epoch = 0 and best_val_0_mse = 3.2657

Early stopping occurred at epoch 30 with best_epoch = 0 and best_val_0_mse = 8.10294

Early stopping occurred at epoch 30 with best_epoch = 0 and best_val_0_mse = 6.00436

Early stopping occurred at epoch 30 with best_epoch = 0 and best_val_0_mse = 17.89608
  Maturity   C_Hybrid  TabNet  R2=-2.547 (5.5s)
  Maturity   C_Hybrid  FT      R2=+0.451 (27.1s)
  -> data/revision/R14_grid_deep.csv  (32 rows)
  LOSO anthesis   TX R2=+0.277
  LOSO anthesis   OK R2=+0.412
  LOSO anthesis   KS R2=+0.574
  LOSO anthesis   NE R2=+0.178
  LOSO anthesis   CO R2=-1.504
  LOSO maturity   TX R2=-0.310
  LOSO maturity   OK R2=+0.118
  LOSO maturity   KS R2=+0.254
  LOSO flag_leaf  TX R2=+0.461
  LOSO flag_leaf  OK R2=+0.629
  LOSO flag_leaf  KS R2=+0.593
  LOSO flag_leaf  NE R2=-0.041
  LOSO flag_leaf  CO R2=+0.066
  LOSO heading    TX R2=+0.197
  LOSO heading    OK R2=+0.551
  LOSO heading    KS R2=+0.609
  LOSO heading    NE R2=+0.446
  LOSO heading    CO R2=-0.797
  -> data/revision/R14_loso_deep.csv  (18 rows)
