=== held-out-state shift diagnostics ===
  shift Emergence  done
  shift Tillering  done
  shift Jointing   done
  shift Flag leaf  done
  shift Boot       done
  shift Heading    done
  shift Anthesis   done
  shift Maturity   done
  -> data/revision/R14_state_shift.csv  (37 rows)

mean over the reproductive stages:
         auc  target_shift  var_ratio
state                                
CO     0.962         2.692      0.374
KS     0.972         0.137      0.409
NE     0.894         1.440      0.299
OK     0.936        -1.455      0.562
TX     0.977        -0.582      0.541

=== per-source ablation check ===
  components Emergence  done
  components Tillering  done
  components Jointing   done
  components Flag leaf  done
  components Boot       done
  components Heading    done
  components Anthesis   done
  components Maturity   done
  -> data/revision/R14_component_check.csv  (40 rows)
variant    WES_only  HLS_only  Weather_only  HLS+Weather   ALL
stage                                                         
emergence      0.27      0.32          0.27         0.35  0.34
tillering      0.22      0.29          0.23         0.25  0.27
jointing       0.37      0.29          0.21         0.27  0.33
flag_leaf      0.65      0.46          0.39         0.44  0.70
boot           0.65      0.51          0.50         0.57  0.67
heading        0.71      0.58          0.56         0.64  0.71
anthesis       0.81      0.77          0.59         0.62  0.69
maturity       0.43      0.46          0.16         0.23  0.34

deviation from the published-state ablation:
variant    WES_only  HLS_only  Weather_only    ALL
stage                                             
emergence    -0.008    -0.022        -0.035 -0.019
tillering    -0.004    -0.004         0.015 -0.002
jointing      0.009    -0.001         0.011 -0.005
flag_leaf    -0.001    -0.008        -0.014 -0.000
boot         -0.002     0.001        -0.025 -0.019
heading      -0.001     0.004         0.004  0.004
anthesis      0.002     0.002        -0.013 -0.008
maturity      0.011     0.014         0.000  0.005

max |deviation| = 0.035
