corrected states applied; dropped 4 out-of-area field-years
[control] anthesis FT  gain=+0.0256
[determ ] anthesis FT  gain=+0.0171  (1382 observed anchors replaced, retained 67.0%)
[s= 7 r1] gain=+0.0232
[s= 7 r2] gain=+0.0222
[s= 7 r3] gain=+0.0194
[s=14 r1] gain=+0.0228
[s=14 r2] gain=+0.0218
[s=14 r3] gain=+0.0223
[s=21 r1] gain=+0.0182
[s=21 r2] gain=+0.0192
[s=21 r3] gain=+0.0195
[s=28 r1] gain=+0.0169
[s=28 r2] gain=+0.0147
[s=28 r3] gain=+0.0229
   stage model  sigma  gain_control  gain_mean  pct_retained
anthesis    FT      7        0.0256     0.0216          84.5
anthesis    FT     14        0.0256     0.0223          87.3
anthesis    FT     21        0.0256     0.0189          74.1
anthesis    FT     28        0.0256     0.0182          71.0
Done in 46.0 min
